// Jest Snapshot v1, https://goo.gl/fbAQLP

exports[`Matches snapshot 1`] = `
<div
  class="sc-ifAKCX yUlfB"
>
  <div
    class="sc-htpNat kLTBTi"
  >
    <div
      class="sc-bdVaJa kqyhZL"
    >
      <a
        class="sc-gzVnrw cQudRn"
        href="test"
      >
        <div
          class="sc-bwzfXH drhuZT"
        >
          test
        </div>
      </a>
      <div
        class="sc-bxivhb jAvyEQ"
      >
        <h1
          class="sc-bZQynM itOWLu"
          color="#4848484"
        >
          <a
            class="sc-gzVnrw cQudRn"
            href="test"
          >
            test
          </a>
          <a
            class="sc-htoDjs dvbSUq"
            href="test"
          >
            [src]
          </a>
        </h1>
        <p
          class="sc-EHOje issTta"
        >
          test
        </p>
      </div>
    </div>
  </div>
</div>
`;
